{
  "converted_frequency": [
    200.0000127901751,
    200.0000127901751,
    400.000026342212,
    600.0000502709787
  ],
  "with_vuv": true
}
