{
  "converted_frequency": [
    0.0,
    200.0,
    400.0,
    600.0
  ],
  "with_vuv": false
}
