[
  {
    "array": [
      [
        0.0
      ],
      [
        0.02
      ],
      [
        0.01
      ],
      [
        0.01
      ],
      [
        0.0
      ],
      [
        0.0
      ],
      [
        0.04
      ],
      [
        0.06
      ],
      [
        0.32
      ],
      [
        0.8
      ],
      [
        0.9
      ],
      [
        1.06
      ],
      [
        1.12
      ],
      [
        1.33
      ],
      [
        1.47
      ],
      [
        1.49
      ],
      [
        1.47
      ],
      [
        1.42
      ],
      [
        1.41
      ],
      [
        1.41
      ],
      [
        1.41
      ],
      [
        1.3
      ],
      [
        1.25
      ],
      [
        1.24
      ],
      [
        1.28
      ],
      [
        1.36
      ],
      [
        1.33
      ],
      [
        1.47
      ],
      [
        1.54
      ],
      [
        1.53
      ],
      [
        1.46
      ],
      [
        1.38
      ],
      [
        1.38
      ],
      [
        1.34
      ],
      [
        1.36
      ],
      [
        1.37
      ],
      [
        1.36
      ],
      [
        1.31
      ],
      [
        1.22
      ],
      [
        1.16
      ],
      [
        1.15
      ],
      [
        1.05
      ],
      [
        1.01
      ],
      [
        1.0
      ],
      [
        1.0
      ],
      [
        0.99
      ],
      [
        1.0
      ],
      [
        1.04
      ],
      [
        1.09
      ],
      [
        1.48
      ],
      [
        2.1
      ],
      [
        2.57
      ],
      [
        2.9
      ],
      [
        3.18
      ],
      [
        3.41
      ],
      [
        3.48
      ],
      [
        3.59
      ],
      [
        3.5
      ],
      [
        3.25
      ],
      [
        3.1
      ],
      [
        3.02
      ],
      [
        2.77
      ],
      [
        2.52
      ],
      [
        2.47
      ],
      [
        2.38
      ],
      [
        2.35
      ],
      [
        2.23
      ],
      [
        2.06
      ],
      [
        1.95
      ],
      [
        1.88
      ],
      [
        1.82
      ],
      [
        1.74
      ],
      [
        1.74
      ],
      [
        1.75
      ],
      [
        1.63
      ],
      [
        1.61
      ],
      [
        1.6
      ],
      [
        1.68
      ],
      [
        1.68
      ],
      [
        1.68
      ],
      [
        1.67
      ],
      [
        1.61
      ],
      [
        1.59
      ],
      [
        1.6
      ],
      [
        1.58
      ],
      [
        1.52
      ],
      [
        1.48
      ],
      [
        1.45
      ],
      [
        1.49
      ],
      [
        1.48
      ],
      [
        1.48
      ],
      [
        1.5
      ],
      [
        1.45
      ],
      [
        1.47
      ],
      [
        1.42
      ],
      [
        1.41
      ],
      [
        1.44
      ],
      [
        1.5
      ],
      [
        1.52
      ],
      [
        1.53
      ],
      [
        1.55
      ],
      [
        1.65
      ],
      [
        1.82
      ],
      [
        1.96
      ],
      [
        2.09
      ],
      [
        2.28
      ],
      [
        2.31
      ],
      [
        2.24
      ],
      [
        2.02
      ],
      [
        1.87
      ],
      [
        1.84
      ],
      [
        1.75
      ],
      [
        1.7
      ],
      [
        1.61
      ],
      [
        1.55
      ],
      [
        1.45
      ],
      [
        1.39
      ],
      [
        1.32
      ],
      [
        1.34
      ],
      [
        1.57
      ],
      [
        1.86
      ],
      [
        2.08
      ],
      [
        2.2
      ],
      [
        2.26
      ],
      [
        2.24
      ],
      [
        2.19
      ],
      [
        2.2
      ],
      [
        2.21
      ],
      [
        2.15
      ],
      [
        2.0
      ],
      [
        1.8
      ],
      [
        1.65
      ],
      [
        1.56
      ],
      [
        1.47
      ],
      [
        1.4
      ],
      [
        1.32
      ],
      [
        1.27
      ],
      [
        1.26
      ],
      [
        1.19
      ],
      [
        1.15
      ],
      [
        1.11
      ],
      [
        1.07
      ],
      [
        1.12
      ],
      [
        1.16
      ],
      [
        1.22
      ],
      [
        1.1
      ],
      [
        1.09
      ],
      [
        1.06
      ],
      [
        1.07
      ],
      [
        1.03
      ],
      [
        1.0
      ],
      [
        0.98
      ],
      [
        0.94
      ],
      [
        0.93
      ],
      [
        0.92
      ],
      [
        0.89
      ],
      [
        0.81
      ],
      [
        0.81
      ],
      [
        0.84
      ],
      [
        0.81
      ],
      [
        0.76
      ],
      [
        0.72
      ],
      [
        0.68
      ],
      [
        0.64
      ],
      [
        0.67
      ],
      [
        0.75
      ],
      [
        0.81
      ],
      [
        0.87
      ],
      [
        0.91
      ],
      [
        1.1
      ],
      [
        1.29
      ],
      [
        1.43
      ],
      [
        1.59
      ],
      [
        1.74
      ],
      [
        1.89
      ],
      [
        2.02
      ],
      [
        2.11
      ],
      [
        2.06
      ],
      [
        2.04
      ],
      [
        2.07
      ],
      [
        2.08
      ],
      [
        2.07
      ],
      [
        2.05
      ],
      [
        2.01
      ],
      [
        1.97
      ],
      [
        1.86
      ],
      [
        1.83
      ],
      [
        1.85
      ],
      [
        1.9
      ],
      [
        2.15
      ],
      [
        2.33
      ],
      [
        2.34
      ],
      [
        2.27
      ],
      [
        2.26
      ],
      [
        2.26
      ],
      [
        2.19
      ],
      [
        2.11
      ],
      [
        2.08
      ],
      [
        2.03
      ],
      [
        1.91
      ],
      [
        1.86
      ],
      [
        1.83
      ],
      [
        1.78
      ],
      [
        1.75
      ],
      [
        1.76
      ],
      [
        1.78
      ],
      [
        1.79
      ],
      [
        1.82
      ],
      [
        1.77
      ],
      [
        1.78
      ],
      [
        1.72
      ],
      [
        1.7
      ],
      [
        1.69
      ],
      [
        1.62
      ],
      [
        1.61
      ],
      [
        1.52
      ],
      [
        1.48
      ],
      [
        1.43
      ],
      [
        1.42
      ],
      [
        1.42
      ],
      [
        1.42
      ],
      [
        1.39
      ],
      [
        1.36
      ],
      [
        1.3
      ],
      [
        1.23
      ],
      [
        1.24
      ],
      [
        1.32
      ],
      [
        1.45
      ],
      [
        1.5
      ],
      [
        1.51
      ],
      [
        1.41
      ],
      [
        1.36
      ],
      [
        1.35
      ],
      [
        1.32
      ],
      [
        1.45
      ],
      [
        1.59
      ],
      [
        1.68
      ],
      [
        1.66
      ],
      [
        1.7
      ],
      [
        1.68
      ],
      [
        1.56
      ],
      [
        1.52
      ],
      [
        1.54
      ],
      [
        1.49
      ],
      [
        1.43
      ],
      [
        1.39
      ],
      [
        1.44
      ],
      [
        1.4
      ],
      [
        1.39
      ],
      [
        1.41
      ],
      [
        1.42
      ],
      [
        1.44
      ],
      [
        1.43
      ],
      [
        1.44
      ],
      [
        1.46
      ],
      [
        1.48
      ],
      [
        1.41
      ],
      [
        1.37
      ],
      [
        1.36
      ],
      [
        1.36
      ],
      [
        1.35
      ],
      [
        1.32
      ],
      [
        1.38
      ],
      [
        1.44
      ],
      [
        1.6
      ],
      [
        1.66
      ],
      [
        1.73
      ],
      [
        1.76
      ],
      [
        1.76
      ],
      [
        1.8
      ],
      [
        1.75
      ],
      [
        1.7
      ],
      [
        1.64
      ],
      [
        1.59
      ],
      [
        1.53
      ],
      [
        1.43
      ],
      [
        1.38
      ],
      [
        1.34
      ],
      [
        1.33
      ],
      [
        1.33
      ],
      [
        1.31
      ],
      [
        1.26
      ],
      [
        1.22
      ],
      [
        1.21
      ],
      [
        1.2
      ],
      [
        1.18
      ],
      [
        1.17
      ],
      [
        1.17
      ],
      [
        1.18
      ],
      [
        1.18
      ],
      [
        1.21
      ],
      [
        1.26
      ],
      [
        1.26
      ],
      [
        1.21
      ],
      [
        1.21
      ],
      [
        1.19
      ],
      [
        1.17
      ],
      [
        1.15
      ],
      [
        1.13
      ],
      [
        1.09
      ],
      [
        1.07
      ],
      [
        1.08
      ],
      [
        1.09
      ],
      [
        1.07
      ],
      [
        1.05
      ],
      [
        1.27
      ],
      [
        1.32
      ],
      [
        1.38
      ],
      [
        1.41
      ],
      [
        1.47
      ],
      [
        1.5
      ],
      [
        1.54
      ],
      [
        1.57
      ],
      [
        1.61
      ],
      [
        1.61
      ],
      [
        1.58
      ],
      [
        1.48
      ],
      [
        1.42
      ],
      [
        1.33
      ],
      [
        1.28
      ],
      [
        1.26
      ],
      [
        1.18
      ],
      [
        1.15
      ],
      [
        1.1
      ],
      [
        1.1
      ],
      [
        1.09
      ],
      [
        1.08
      ],
      [
        1.36
      ],
      [
        1.57
      ],
      [
        1.56
      ],
      [
        1.58
      ],
      [
        1.61
      ],
      [
        1.44
      ],
      [
        1.46
      ],
      [
        1.41
      ],
      [
        1.38
      ],
      [
        1.34
      ],
      [
        1.25
      ],
      [
        1.28
      ],
      [
        1.29
      ],
      [
        1.24
      ],
      [
        1.23
      ],
      [
        1.23
      ],
      [
        1.23
      ],
      [
        1.24
      ],
      [
        1.18
      ],
      [
        1.12
      ],
      [
        1.1
      ],
      [
        1.05
      ],
      [
        0.98
      ],
      [
        0.99
      ],
      [
        0.97
      ],
      [
        0.98
      ],
      [
        0.9
      ],
      [
        0.89
      ],
      [
        0.97
      ],
      [
        1.07
      ],
      [
        1.11
      ],
      [
        1.17
      ],
      [
        1.2
      ],
      [
        1.18
      ],
      [
        1.25
      ],
      [
        1.2
      ],
      [
        1.17
      ],
      [
        1.16
      ],
      [
        1.15
      ],
      [
        1.17
      ],
      [
        1.16
      ],
      [
        1.12
      ],
      [
        1.1
      ],
      [
        1.05
      ],
      [
        1.04
      ],
      [
        1.01
      ],
      [
        1.13
      ],
      [
        1.17
      ],
      [
        1.23
      ],
      [
        1.31
      ],
      [
        1.46
      ],
      [
        1.61
      ],
      [
        1.77
      ],
      [
        1.95
      ],
      [
        2.12
      ],
      [
        2.27
      ],
      [
        2.31
      ],
      [
        2.27
      ],
      [
        2.17
      ],
      [
        2.12
      ],
      [
        2.04
      ],
      [
        1.98
      ],
      [
        2.03
      ],
      [
        1.97
      ],
      [
        1.94
      ],
      [
        1.93
      ],
      [
        1.85
      ],
      [
        1.85
      ],
      [
        1.83
      ],
      [
        1.85
      ],
      [
        1.94
      ],
      [
        1.98
      ],
      [
        2.02
      ],
      [
        1.99
      ],
      [
        2.01
      ],
      [
        1.98
      ],
      [
        1.97
      ],
      [
        1.97
      ],
      [
        2.0
      ],
      [
        2.0
      ],
      [
        1.99
      ],
      [
        1.89
      ],
      [
        1.89
      ],
      [
        1.83
      ],
      [
        1.83
      ],
      [
        1.87
      ],
      [
        1.89
      ],
      [
        1.89
      ],
      [
        1.86
      ],
      [
        1.85
      ],
      [
        1.87
      ],
      [
        2.29
      ],
      [
        3.51
      ],
      [
        4.08
      ],
      [
        4.36
      ],
      [
        4.77
      ],
      [
        5.03
      ],
      [
        5.02
      ],
      [
        5.16
      ],
      [
        5.15
      ],
      [
        5.33
      ],
      [
        5.33
      ],
      [
        5.1
      ],
      [
        4.65
      ],
      [
        4.35
      ],
      [
        4.05
      ],
      [
        3.91
      ],
      [
        3.71
      ],
      [
        3.47
      ],
      [
        3.25
      ],
      [
        3.22
      ],
      [
        3.24
      ],
      [
        3.13
      ],
      [
        2.88
      ],
      [
        2.76
      ],
      [
        2.69
      ],
      [
        2.7
      ],
      [
        2.61
      ],
      [
        2.47
      ],
      [
        2.5
      ],
      [
        2.46
      ],
      [
        2.28
      ],
      [
        2.3
      ],
      [
        2.37
      ],
      [
        2.28
      ],
      [
        2.18
      ],
      [
        2.17
      ],
      [
        2.2
      ],
      [
        2.16
      ],
      [
        1.99
      ],
      [
        1.9
      ],
      [
        1.93
      ],
      [
        1.93
      ],
      [
        1.91
      ],
      [
        1.92
      ],
      [
        1.88
      ],
      [
        1.84
      ],
      [
        1.85
      ],
      [
        1.8
      ],
      [
        1.79
      ],
      [
        1.73
      ],
      [
        1.77
      ],
      [
        1.86
      ],
      [
        2.03
      ],
      [
        2.19
      ],
      [
        2.27
      ],
      [
        2.43
      ],
      [
        2.57
      ],
      [
        2.62
      ],
      [
        2.64
      ],
      [
        2.49
      ],
      [
        2.45
      ],
      [
        2.34
      ],
      [
        2.25
      ],
      [
        2.25
      ],
      [
        2.1
      ],
      [
        2.02
      ],
      [
        1.9
      ],
      [
        1.83
      ],
      [
        1.8
      ],
      [
        2.03
      ],
      [
        3.66
      ],
      [
        4.2
      ],
      [
        4.56
      ],
      [
        4.97
      ],
      [
        5.16
      ],
      [
        5.31
      ],
      [
        5.35
      ],
      [
        5.29
      ],
      [
        5.47
      ],
      [
        5.56
      ],
      [
        5.41
      ],
      [
        5.35
      ]
    ],
    "rate": 100.0
  },
  {
    "array": [
      [
        0.0
      ],
      [
        0.0
      ],
      [
        0.0
      ],
      [
        0.0
      ],
      [
        0.0
      ],
      [
        0.0
      ],
      [
        0.0
      ],
      [
        0.0
      ],
      [
        0.0
      ],
      [
        0.0
      ],
      [
        0.0
      ],
      [
        0.0
      ],
      [
        0.03
      ],
      [
        0.02
      ],
      [
        0.02
      ],
      [
        0.03
      ],
      [
        0.38
      ],
      [
        0.58
      ],
      [
        0.55
      ],
      [
        0.56
      ],
      [
        0.6
      ],
      [
        0.66
      ],
      [
        0.67
      ],
      [
        0.66
      ],
      [
        0.69
      ],
      [
        0.77
      ],
      [
        0.84
      ],
      [
        0.89
      ],
      [
        0.91
      ],
      [
        0.91
      ],
      [
        0.87
      ],
      [
        0.85
      ],
      [
        0.82
      ],
      [
        0.78
      ],
      [
        0.75
      ],
      [
        0.74
      ],
      [
        0.73
      ],
      [
        0.71
      ],
      [
        0.71
      ],
      [
        0.71
      ],
      [
        0.68
      ],
      [
        0.63
      ],
      [
        0.57
      ],
      [
        0.54
      ],
      [
        0.53
      ],
      [
        0.53
      ],
      [
        0.52
      ],
      [
        0.54
      ],
      [
        0.58
      ],
      [
        0.62
      ],
      [
        0.64
      ],
      [
        0.62
      ],
      [
        0.61
      ],
      [
        0.69
      ],
      [
        0.8
      ],
      [
        0.85
      ],
      [
        0.86
      ],
      [
        0.87
      ],
      [
        0.86
      ],
      [
        0.83
      ],
      [
        0.8
      ],
      [
        0.76
      ],
      [
        0.72
      ],
      [
        0.73
      ],
      [
        0.72
      ],
      [
        0.71
      ],
      [
        0.68
      ],
      [
        0.69
      ],
      [
        0.7
      ],
      [
        0.71
      ],
      [
        0.71
      ],
      [
        0.72
      ],
      [
        0.71
      ],
      [
        0.67
      ],
      [
        0.65
      ],
      [
        0.62
      ],
      [
        0.55
      ],
      [
        0.51
      ],
      [
        0.5
      ],
      [
        0.5
      ],
      [
        0.49
      ],
      [
        0.44
      ],
      [
        0.41
      ],
      [
        0.39
      ],
      [
        0.39
      ],
      [
        0.4
      ],
      [
        0.42
      ],
      [
        0.4
      ],
      [
        0.41
      ],
      [
        0.38
      ],
      [
        0.42
      ],
      [
        0.42
      ],
      [
        0.41
      ],
      [
        0.44
      ],
      [
        0.47
      ],
      [
        0.49
      ],
      [
        0.53
      ],
      [
        0.57
      ],
      [
        0.97
      ],
      [
        1.3
      ],
      [
        1.46
      ],
      [
        1.74
      ],
      [
        1.84
      ],
      [
        2.02
      ],
      [
        2.15
      ],
      [
        2.26
      ],
      [
        2.33
      ],
      [
        2.45
      ],
      [
        2.51
      ],
      [
        2.52
      ],
      [
        2.53
      ],
      [
        2.53
      ],
      [
        2.5
      ],
      [
        2.49
      ],
      [
        2.39
      ],
      [
        2.24
      ],
      [
        2.09
      ],
      [
        1.96
      ],
      [
        1.92
      ],
      [
        1.85
      ],
      [
        1.81
      ],
      [
        1.72
      ],
      [
        1.54
      ],
      [
        1.43
      ],
      [
        1.38
      ],
      [
        1.37
      ],
      [
        1.35
      ],
      [
        1.31
      ],
      [
        1.31
      ],
      [
        1.3
      ],
      [
        1.26
      ],
      [
        1.21
      ],
      [
        1.17
      ],
      [
        1.09
      ],
      [
        1.0
      ],
      [
        0.96
      ],
      [
        0.94
      ],
      [
        0.9
      ],
      [
        0.9
      ],
      [
        0.88
      ],
      [
        0.84
      ],
      [
        0.8
      ],
      [
        0.77
      ],
      [
        0.76
      ],
      [
        0.81
      ],
      [
        0.81
      ],
      [
        0.8
      ],
      [
        0.78
      ],
      [
        0.71
      ],
      [
        0.75
      ],
      [
        0.72
      ],
      [
        0.72
      ],
      [
        0.77
      ],
      [
        0.81
      ],
      [
        0.82
      ],
      [
        0.82
      ],
      [
        0.81
      ],
      [
        0.82
      ],
      [
        0.84
      ],
      [
        0.88
      ],
      [
        0.85
      ],
      [
        0.85
      ],
      [
        0.84
      ],
      [
        0.81
      ],
      [
        0.82
      ],
      [
        0.85
      ],
      [
        0.83
      ],
      [
        0.85
      ],
      [
        0.84
      ],
      [
        0.77
      ],
      [
        0.79
      ],
      [
        0.77
      ],
      [
        0.76
      ],
      [
        0.71
      ],
      [
        0.7
      ],
      [
        0.75
      ],
      [
        0.8
      ],
      [
        0.78
      ],
      [
        0.76
      ],
      [
        0.77
      ],
      [
        0.75
      ],
      [
        0.78
      ],
      [
        0.8
      ],
      [
        0.78
      ],
      [
        0.73
      ],
      [
        0.74
      ],
      [
        0.75
      ],
      [
        0.73
      ],
      [
        0.71
      ],
      [
        0.73
      ],
      [
        0.73
      ],
      [
        0.72
      ],
      [
        0.75
      ],
      [
        0.76
      ],
      [
        0.8
      ],
      [
        0.81
      ],
      [
        0.83
      ],
      [
        0.82
      ],
      [
        0.81
      ],
      [
        0.82
      ],
      [
        0.83
      ],
      [
        0.85
      ],
      [
        0.9
      ],
      [
        0.95
      ],
      [
        1.02
      ],
      [
        1.09
      ],
      [
        1.11
      ],
      [
        1.16
      ],
      [
        1.21
      ],
      [
        1.28
      ],
      [
        1.34
      ],
      [
        1.34
      ],
      [
        1.36
      ],
      [
        1.35
      ],
      [
        1.26
      ],
      [
        1.1
      ],
      [
        1.02
      ],
      [
        0.95
      ],
      [
        0.91
      ],
      [
        0.9
      ],
      [
        0.88
      ],
      [
        0.83
      ],
      [
        0.78
      ],
      [
        0.76
      ],
      [
        0.73
      ],
      [
        0.67
      ],
      [
        0.64
      ],
      [
        0.61
      ],
      [
        0.59
      ],
      [
        0.57
      ],
      [
        0.53
      ],
      [
        0.51
      ],
      [
        0.5
      ],
      [
        0.48
      ],
      [
        0.47
      ],
      [
        0.48
      ],
      [
        0.53
      ],
      [
        0.64
      ],
      [
        0.8
      ],
      [
        0.92
      ],
      [
        1.0
      ],
      [
        1.12
      ],
      [
        1.21
      ],
      [
        1.25
      ],
      [
        1.31
      ],
      [
        1.36
      ],
      [
        1.36
      ],
      [
        1.34
      ],
      [
        1.33
      ],
      [
        1.29
      ],
      [
        1.26
      ],
      [
        1.28
      ],
      [
        1.29
      ],
      [
        1.3
      ],
      [
        1.31
      ],
      [
        1.3
      ],
      [
        1.24
      ],
      [
        1.15
      ],
      [
        1.09
      ],
      [
        1.01
      ],
      [
        0.92
      ],
      [
        0.84
      ],
      [
        0.81
      ],
      [
        0.8
      ],
      [
        0.78
      ],
      [
        0.74
      ],
      [
        0.74
      ],
      [
        0.73
      ],
      [
        0.71
      ],
      [
        0.7
      ],
      [
        0.67
      ],
      [
        0.63
      ],
      [
        0.63
      ],
      [
        0.64
      ],
      [
        0.62
      ],
      [
        0.61
      ],
      [
        0.61
      ],
      [
        0.62
      ],
      [
        0.61
      ],
      [
        0.6
      ],
      [
        0.61
      ],
      [
        0.63
      ],
      [
        0.61
      ],
      [
        0.61
      ],
      [
        0.66
      ],
      [
        0.68
      ],
      [
        0.67
      ],
      [
        0.7
      ],
      [
        0.71
      ],
      [
        0.68
      ],
      [
        0.58
      ],
      [
        0.57
      ],
      [
        0.57
      ],
      [
        0.57
      ],
      [
        0.55
      ],
      [
        0.56
      ],
      [
        0.57
      ],
      [
        0.57
      ],
      [
        0.53
      ],
      [
        0.51
      ],
      [
        0.52
      ],
      [
        0.51
      ],
      [
        0.49
      ],
      [
        0.49
      ],
      [
        0.46
      ],
      [
        0.44
      ],
      [
        0.45
      ],
      [
        0.44
      ],
      [
        0.44
      ],
      [
        0.46
      ],
      [
        0.41
      ],
      [
        0.38
      ],
      [
        0.37
      ],
      [
        0.39
      ],
      [
        0.39
      ],
      [
        0.41
      ],
      [
        0.42
      ],
      [
        0.41
      ],
      [
        0.39
      ],
      [
        0.37
      ],
      [
        0.35
      ],
      [
        0.34
      ],
      [
        0.34
      ],
      [
        0.33
      ],
      [
        0.33
      ],
      [
        0.32
      ],
      [
        0.34
      ],
      [
        0.35
      ],
      [
        0.37
      ],
      [
        0.44
      ],
      [
        0.45
      ],
      [
        0.46
      ],
      [
        0.45
      ],
      [
        0.45
      ],
      [
        0.48
      ],
      [
        0.48
      ],
      [
        0.47
      ],
      [
        0.53
      ],
      [
        0.59
      ],
      [
        0.62
      ],
      [
        0.66
      ],
      [
        0.67
      ],
      [
        0.71
      ],
      [
        0.75
      ],
      [
        0.77
      ],
      [
        0.79
      ],
      [
        0.82
      ],
      [
        0.87
      ],
      [
        0.9
      ],
      [
        0.95
      ],
      [
        0.97
      ],
      [
        0.99
      ],
      [
        1.02
      ],
      [
        0.97
      ],
      [
        0.94
      ],
      [
        0.91
      ],
      [
        0.93
      ],
      [
        0.93
      ],
      [
        0.92
      ],
      [
        0.92
      ],
      [
        0.92
      ],
      [
        0.94
      ],
      [
        0.92
      ],
      [
        0.9
      ],
      [
        0.89
      ],
      [
        0.87
      ],
      [
        0.87
      ],
      [
        0.87
      ],
      [
        0.82
      ],
      [
        0.78
      ],
      [
        0.75
      ],
      [
        0.73
      ],
      [
        0.73
      ],
      [
        0.74
      ],
      [
        0.77
      ],
      [
        0.81
      ],
      [
        0.79
      ],
      [
        0.92
      ],
      [
        1.05
      ],
      [
        1.16
      ],
      [
        1.23
      ],
      [
        1.23
      ],
      [
        1.22
      ],
      [
        1.18
      ],
      [
        1.18
      ],
      [
        1.16
      ],
      [
        1.17
      ],
      [
        1.19
      ],
      [
        1.16
      ],
      [
        1.12
      ],
      [
        1.09
      ],
      [
        1.06
      ],
      [
        1.02
      ],
      [
        1.0
      ],
      [
        0.99
      ],
      [
        0.99
      ],
      [
        0.94
      ],
      [
        0.89
      ],
      [
        0.83
      ],
      [
        0.8
      ],
      [
        0.8
      ],
      [
        0.78
      ],
      [
        0.76
      ],
      [
        0.75
      ],
      [
        0.72
      ],
      [
        0.71
      ],
      [
        0.71
      ],
      [
        0.74
      ],
      [
        0.75
      ],
      [
        0.76
      ],
      [
        0.78
      ],
      [
        0.8
      ],
      [
        0.82
      ],
      [
        0.85
      ],
      [
        0.85
      ],
      [
        0.82
      ],
      [
        0.82
      ],
      [
        0.83
      ],
      [
        0.84
      ],
      [
        0.82
      ],
      [
        0.79
      ],
      [
        0.79
      ],
      [
        0.78
      ],
      [
        0.78
      ],
      [
        0.78
      ],
      [
        0.73
      ],
      [
        0.73
      ],
      [
        0.74
      ],
      [
        0.76
      ],
      [
        0.71
      ],
      [
        0.67
      ],
      [
        0.65
      ],
      [
        0.64
      ],
      [
        0.65
      ],
      [
        0.61
      ],
      [
        0.59
      ],
      [
        0.58
      ],
      [
        0.57
      ],
      [
        0.57
      ],
      [
        0.56
      ],
      [
        0.56
      ],
      [
        0.53
      ],
      [
        0.51
      ],
      [
        0.5
      ],
      [
        0.5
      ],
      [
        0.47
      ],
      [
        0.44
      ],
      [
        0.39
      ],
      [
        0.38
      ],
      [
        0.38
      ],
      [
        0.42
      ],
      [
        0.43
      ],
      [
        0.51
      ],
      [
        0.57
      ],
      [
        0.65
      ],
      [
        0.68
      ],
      [
        0.71
      ],
      [
        0.71
      ],
      [
        0.71
      ],
      [
        0.7
      ],
      [
        0.65
      ],
      [
        0.64
      ],
      [
        0.62
      ],
      [
        0.62
      ],
      [
        0.62
      ],
      [
        0.62
      ],
      [
        0.59
      ],
      [
        0.58
      ],
      [
        0.81
      ],
      [
        0.86
      ],
      [
        0.86
      ],
      [
        0.92
      ],
      [
        0.92
      ],
      [
        0.84
      ],
      [
        0.87
      ],
      [
        0.85
      ],
      [
        0.83
      ],
      [
        0.82
      ],
      [
        0.8
      ],
      [
        0.76
      ],
      [
        0.72
      ],
      [
        0.68
      ],
      [
        0.7
      ],
      [
        0.7
      ],
      [
        0.7
      ],
      [
        0.69
      ],
      [
        0.64
      ],
      [
        0.63
      ],
      [
        0.62
      ],
      [
        0.58
      ],
      [
        0.58
      ],
      [
        0.58
      ],
      [
        0.61
      ],
      [
        0.57
      ],
      [
        0.55
      ],
      [
        0.56
      ],
      [
        0.54
      ],
      [
        0.57
      ],
      [
        0.56
      ],
      [
        0.58
      ]
    ],
    "rate": 100.0
  }
]
