{
  "mean": 4.5967116355896,
  "var": 0.4975121319293976,
  "with_vuv": true
}
