{
  "mean_comparison": "True",
  "statistics_high": {
    "mean": 5.29,
    "var": 0.02
  },
  "statistics_low": {
    "mean": 3.9,
    "var": 0.02
  },
  "with_vuv": false
}
